Создание GUI на Python с помощью библиотеки Tkinter
http://younglinux.info/tkinter.php

Курс по библиотеке Tkinter языка Python
https://ru.wikiversity.org/wiki/%D0%9A%D1%83%D1%80%D1%81_%D0%BF%D0%BE_%D0%B1%D0%B8%D0%B1%D0%BB%D0%B8%D0%BE%D1%82%D0%B5%D0%BA%D0%B5_Tkinter_%D1%8F%D0%B7%D1%8B%D0%BA%D0%B0_Python

Tkinter 8.5 reference: a GUI for Python:
http://infohost.nmt.edu/tcc/help/pubs/tkinter/web/index.html

http://www.java2s.com/Tutorial/Python/0360__Tkinker/

